[2026-09-04 05:07:01] 配置: EXP=112-imagenet-hw-dfc-margin | IMG=112 | Swin ImageNet=True | BATCH=128 | VAL_BATCH=256 | EPOCHS=50 | USE_AGE_MASK=False | cosine+early_stop=5 | FAM_BAL=True | EMA=False
[2026-09-04 05:07:01] 损失权重: BCE=0.25 | Gender=0.1 | Age=0.0 | DFC=0.65 | TAU_CS=0.08
[2026-09-04 05:07:01] 两阶段冻结: 前3轮冻结主干
[2026-09-04 05:07:35] 实验: 112-imagenet-hw-dfc-margin | 权重目录: ./weights/112-imagenet-hw-dfc-margin/
[2026-09-04 05:07:35] 阶段1：冻结 Swin 主干（conv_in 除外），训练头部与解耦模块，lr=0.0001
[2026-09-04 05:07:35] 阶段2：cosine T_max=47 eta_min=1e-06 | 早停 patience=5
[2026-09-04 05:07:35] 年龄分支: 关闭（不进前向/损失/优化器）
[2026-09-04 05:07:35] EMA: 关
[2026-09-04 05:07:35] 训练集: 151951正 / 151951负 | 验证集: 28134正 / 28134负
[2026-09-04 05:07:35] 加速: workers=8 | AMP=False | train_bs=128 | val_bs=256 | pin_memory=True
[2026-09-04 05:07:35] 家庭限权: 开 | power=0.5 | 正样本家庭数=549 | 最大家 F0601 原占比 38.6% → 期望 3.7%
[2026-09-04 05:07:35] 家庭限权: 负样本家庭数=549 | 最大家 F0601 原占比 38.6% → 期望 3.7%
[2026-09-04 05:07:35] 难样本加权: DFC | margin_pos=0.15 margin_neg=0.15 | gain=2.0 | clip=[0.5,2.0]
[2026-09-04 05:11:46] Epoch 01/50 | Train Loss: 3.4927 | Val AUC: 0.6143 | Best AUC: 0.6143 | feat_n=5.88 g_n=4.187 skip=0/1187 | lr=1.00e-04 *
[2026-09-04 05:16:07] Epoch 02/50 | Train Loss: 3.2082 | Val AUC: 0.6251 | Best AUC: 0.6251 | feat_n=5.03 g_n=7.276 skip=0/1187 | lr=1.00e-04 *
[2026-09-04 05:20:51] Epoch 03/50 | Train Loss: 3.0238 | Val AUC: 0.6242 | Best AUC: 0.6251 | feat_n=4.77 g_n=9.585 skip=0/1187 | lr=1.00e-04
[2026-09-04 05:20:51] ===== 阶段2：解冻主干 + cosine，主干lr=2e-05 头部lr=0.0001 T_max=47 =====
[2026-09-04 05:26:38] Epoch 04/50 | Train Loss: 2.7783 | Val AUC: 0.6875 | Best AUC: 0.6875 | feat_n=9.47 g_n=15.547 skip=0/1187 | lr_bb=2.00e-05 lr_head=9.99e-05 *
[2026-09-04 05:32:29] Epoch 05/50 | Train Loss: 2.1474 | Val AUC: 0.6905 | Best AUC: 0.6905 | feat_n=9.51 g_n=18.308 skip=0/1187 | lr_bb=1.99e-05 lr_head=9.96e-05 *
[2026-09-04 05:38:08] Epoch 06/50 | Train Loss: 1.5986 | Val AUC: 0.6849 | Best AUC: 0.6905 | feat_n=9.54 g_n=20.923 skip=0/1187 | lr_bb=1.98e-05 lr_head=9.90e-05
[2026-09-04 05:43:37] Epoch 07/50 | Train Loss: 1.1455 | Val AUC: 0.6777 | Best AUC: 0.6905 | feat_n=10.53 g_n=20.134 skip=0/1187 | lr_bb=1.97e-05 lr_head=9.82e-05
[2026-09-04 05:48:52] Epoch 08/50 | Train Loss: 0.8244 | Val AUC: 0.6698 | Best AUC: 0.6905 | feat_n=12.38 g_n=17.964 skip=0/1187 | lr_bb=1.95e-05 lr_head=9.73e-05
[2026-09-04 05:54:09] Epoch 09/50 | Train Loss: 0.6151 | Val AUC: 0.6643 | Best AUC: 0.6905 | feat_n=14.71 g_n=15.375 skip=0/1187 | lr_bb=1.92e-05 lr_head=9.61e-05
[2026-09-04 05:59:49] Epoch 10/50 | Train Loss: 0.4712 | Val AUC: 0.6582 | Best AUC: 0.6905 | feat_n=17.05 g_n=13.122 skip=0/1187 | lr_bb=1.90e-05 lr_head=9.47e-05
[2026-09-04 05:59:49] 早停：验证 AUC 连续 5 轮未提升，最优 0.6905 @ ./weights/112-imagenet-hw-dfc-margin/best.pth
[2026-09-04 05:59:49] ============================================================
[2026-09-04 05:59:49] 训练完成 | 最优验证 AUC = 0.6905 | 权重 ./weights/112-imagenet-hw-dfc-margin/best.pth
[2026-09-04 05:59:49] 下一步: python eval_fusion.py  （需 AdaFace ckpt + 本轮 best.pth）
[2026-09-04 05:59:49] ============================================================
