[2026-09-02 14:08:08] 配置: EXP=112-imagenet-hw-bce-margin-nofam | IMG=112 | Swin ImageNet=True | BATCH=128 | VAL_BATCH=256 | EPOCHS=50 | USE_AGE_MASK=False | cosine+early_stop=5 | FAM_BAL=False | EMA=False
[2026-09-02 14:08:08] 损失权重: BCE=0.25 | Gender=0.1 | Age=0.0 | DFC=0.65 | TAU_CS=0.08
[2026-09-02 14:08:08] 两阶段冻结: 前3轮冻结主干
[2026-09-02 14:08:18] 实验: 112-imagenet-hw-bce-margin-nofam | 权重目录: ./weights/112-imagenet-hw-bce-margin-nofam/
[2026-09-02 14:08:18] 阶段1：冻结 Swin 主干（conv_in 除外），训练头部与解耦模块，lr=0.0001
[2026-09-02 14:08:18] 阶段2：cosine T_max=47 eta_min=1e-06 | 早停 patience=5
[2026-09-02 14:08:18] 年龄分支: 关闭（不进前向/损失/优化器）
[2026-09-02 14:08:18] EMA: 关
[2026-09-02 14:08:18] 训练集: 151951正 / 151951负 | 验证集: 28134正 / 28134负
[2026-09-02 14:08:18] 加速: workers=8 | AMP=False | train_bs=128 | val_bs=256 | pin_memory=True
[2026-09-02 14:08:18] 家庭限权: 关（均匀打乱）
[2026-09-02 14:08:18] 难样本加权: 开 | margin_pos=0.15 margin_neg=0.15 | gain=2.0 | clip=[0.5,2.0]
[2026-09-02 14:13:56] Epoch 01/50 | Train Loss: 3.1190 | Val AUC: 0.5568 | Best AUC: 0.5568 | feat_n=5.24 g_n=12.442 skip=0/1187 | lr=1.00e-04 *
[2026-09-02 14:17:59] Epoch 02/50 | Train Loss: 2.2211 | Val AUC: 0.5538 | Best AUC: 0.5568 | feat_n=4.07 g_n=32.649 skip=0/1187 | lr=1.00e-04
[2026-09-02 14:22:40] Epoch 03/50 | Train Loss: 1.9688 | Val AUC: 0.5561 | Best AUC: 0.5568 | feat_n=5.03 g_n=25.763 skip=0/1187 | lr=1.00e-04
[2026-09-02 14:22:40] ===== 阶段2：解冻主干 + cosine，主干lr=2e-05 头部lr=0.0001 T_max=47 =====
[2026-09-02 14:28:07] Epoch 04/50 | Train Loss: 2.1008 | Val AUC: 0.6237 | Best AUC: 0.6237 | feat_n=13.05 g_n=33.031 skip=0/1187 | lr_bb=2.00e-05 lr_head=9.99e-05 *
[2026-09-02 14:34:29] Epoch 05/50 | Train Loss: 1.5817 | Val AUC: 0.6600 | Best AUC: 0.6600 | feat_n=17.67 g_n=14.365 skip=0/1187 | lr_bb=1.99e-05 lr_head=9.96e-05 *
[2026-09-02 14:39:40] Epoch 06/50 | Train Loss: 1.2731 | Val AUC: 0.6699 | Best AUC: 0.6699 | feat_n=18.57 g_n=13.666 skip=0/1187 | lr_bb=1.98e-05 lr_head=9.90e-05 *
[2026-09-02 14:45:11] Epoch 07/50 | Train Loss: 1.0045 | Val AUC: 0.6601 | Best AUC: 0.6699 | feat_n=20.12 g_n=14.232 skip=0/1187 | lr_bb=1.97e-05 lr_head=9.82e-05
[2026-09-02 14:50:26] Epoch 08/50 | Train Loss: 0.7903 | Val AUC: 0.6686 | Best AUC: 0.6699 | feat_n=22.09 g_n=14.240 skip=1/1187 | lr_bb=1.95e-05 lr_head=9.73e-05
[2026-09-02 14:56:08] Epoch 09/50 | Train Loss: 0.6332 | Val AUC: 0.6643 | Best AUC: 0.6699 | feat_n=24.78 g_n=13.749 skip=3/1187 | lr_bb=1.92e-05 lr_head=9.61e-05
[2026-09-02 15:01:49] Epoch 10/50 | Train Loss: 0.5165 | Val AUC: 0.6640 | Best AUC: 0.6699 | feat_n=27.80 g_n=12.921 skip=39/1187 | lr_bb=1.90e-05 lr_head=9.47e-05
[2026-09-02 15:08:19] Epoch 11/50 | Train Loss: 0.4411 | Val AUC: 0.6639 | Best AUC: 0.6699 | feat_n=30.53 g_n=12.014 skip=403/1187 | lr_bb=1.87e-05 lr_head=9.31e-05
[2026-09-02 15:08:19] 早停：验证 AUC 连续 5 轮未提升，最优 0.6699 @ ./weights/112-imagenet-hw-bce-margin-nofam/best.pth
[2026-09-02 15:08:19] ============================================================
[2026-09-02 15:08:19] 训练完成 | 最优验证 AUC = 0.6699 | 权重 ./weights/112-imagenet-hw-bce-margin-nofam/best.pth
[2026-09-02 15:08:19] 下一步: python eval_fusion.py  （需 AdaFace ckpt + 本轮 best.pth）
[2026-09-02 15:08:19] ============================================================
